Downloading WebKit 26.6 (playwright webkit v2359)[2m from https://cdn.playwright.dev/dbazure/download/playwright/builds/webkit/2359/webkit-ubuntu-22.04.zip[22m
|                                                                                |   0% of 102.5 MiB
|■■■■■■■■                                                                        |  10% of 102.5 MiB
|■■■■■■■■■■■■■■■■                                                                |  20% of 102.5 MiB
|■■■■■■■■■■■■■■■■■■■■■■■■                                                        |  30% of 102.5 MiB
|■■■■■■■■■■■■■■■■■■■■■■■■■■■■■■■■                                                |  40% of 102.5 MiB
|■■■■■■■■■■■■■■■■■■■■■■■■■■■■■■■■■■■■■■■■                                        |  50% of 102.5 MiB
|■■■■■■■■■■■■■■■■■■■■■■■■■■■■■■■■■■■■■■■■■■■■■■■■                                |  60% of 102.5 MiB
|■■■■■■■■■■■■■■■■■■■■■■■■■■■■■■■■■■■■■■■■■■■■■■■■■■■■■■■■                        |  70% of 102.5 MiB
|■■■■■■■■■■■■■■■■■■■■■■■■■■■■■■■■■■■■■■■■■■■■■■■■■■■■■■■■■■■■■■■■                |  80% of 102.5 MiB
|■■■■■■■■■■■■■■■■■■■■■■■■■■■■■■■■■■■■■■■■■■■■■■■■■■■■■■■■■■■■■■■■■■■■■■■■        |  90% of 102.5 MiB
|■■■■■■■■■■■■■■■■■■■■■■■■■■■■■■■■■■■■■■■■■■■■■■■■■■■■■■■■■■■■■■■■■■■■■■■■■■■■■■■■| 100% of 102.5 MiB
WebKit 26.6 (playwright webkit v2359) downloaded to /home/flori/.cache/ms-playwright/webkit-2359
Playwright Host validation warning: 
╔══════════════════════════════════════════════════════╗
║ Host system is missing dependencies to run browsers. ║
║ Missing libraries:                                   ║
║     libgtk-4.so.1                                    ║
║     libgstcodecparsers-1.0.so.0                      ║
╚══════════════════════════════════════════════════════╝
    at validateDependenciesLinux (/home/flori/Dev/chutes/philosophen/node_modules/playwright-core/lib/coreBundle.js:32259:9)
    at async Registry._validateHostRequirements (/home/flori/Dev/chutes/philosophen/node_modules/playwright-core/lib/coreBundle.js:33519:18)
    at async Registry._validateHostRequirementsForExecutableIfNeeded (/home/flori/Dev/chutes/philosophen/node_modules/playwright-core/lib/coreBundle.js:33641:11)
    at async Registry.validateHostRequirementsForExecutablesIfNeeded (/home/flori/Dev/chutes/philosophen/node_modules/playwright-core/lib/coreBundle.js:33630:11)
    at async installBrowsers (/home/flori/Dev/chutes/philosophen/node_modules/playwright-core/lib/coreBundle.js:70097:5)
    at async _Command.<anonymous> (/home/flori/Dev/chutes/philosophen/node_modules/playwright-core/lib/coreBundle.js:73670:7)
